// Jest Snapshot v1, https://goo.gl/fbAQLP

exports[`Should render Not found expense page 1`] = `
<div>
  404 - 
  <Link
    replace={false}
    to="/"
  >
     Go Home
  </Link>
</div>
`;
